                                                                                                                        
>>>>>>>>>>>>>>>>>>>>>>>>>>>>>>>>>>>>>>>>>>>>>>>>>>>>>>>>>>>>>>>>>>>>>>>>>>>>>>>>>>>>>>>>>>>>>>>>>>>>>>>>>>>>>>>>>>>>>>>>
2024-03-06 22:05:11,992 - INFO - START configuring_settings =============================================
2024-03-06 22:05:11,992 - INFO - START configuring_settings Start Time = 2024-03-06 22:05:11
2024-03-06 22:05:11,992 - INFO - configuring_settings Step 0 - Initialize the configuration file parser
2024-03-06 22:05:12,123 - INFO - Imported existing <module 'comtypes.gen' from 'C:\\Users\\josep\\anaconda3\\lib\\site-packages\\comtypes\\gen\\__init__.py'>
2024-03-06 22:05:12,124 - INFO - Using writeable comtypes cache directory: 'C:\Users\josep\anaconda3\lib\site-packages\comtypes\gen'
2024-03-06 22:05:17,715 - INFO - Process configuring_settings Step 0 - Initializing and starting Process.
2024-03-06 22:05:45,880 - INFO - Process configuring_settings Step 1 - Establish the configuration parser engine.
2024-03-06 22:05:51,487 - INFO - Process configuring_settings Step 2 - Create a config section name to organize settings
2024-03-06 22:05:57,378 - INFO - Process configuring_settings Step 3 - Populate the section with name - value pairs
2024-03-06 22:06:03,370 - INFO - Process configuring_settings Step 4 - Repeat items 2 and 3 for any subsequent sections.
2024-03-06 22:06:08,493 - INFO - Process configuring_settings Step 5 - Write out the config.ini file.
2024-03-06 22:06:14,271 - INFO - Process configuring_settings Step 6 - Test specific values in the configuration file.
2024-03-06 22:06:19,704 - INFO - Process configuring_settings Step 7 - Validating entire configuration file.
2024-03-06 22:06:19,715 - INFO - PERFORMANCE configuring_settings The total process duration was:39.27
2024-03-06 22:06:19,715 - INFO - PERFORMANCE configuring_settings Stop Time = 2024-03-06 22:06:19
2024-03-06 22:06:19,715 - INFO - PERFORMANCE configuring_settings Low process duration less than 3 minutes:39.27
2024-03-06 22:06:19,715 - INFO - PERFORMANCE configuring_settings Performance optimization is optional
2024-03-06 22:06:19,715 - INFO - END configuring_settings =============================================

<<<<<<<<<<<<<<<<<<<<<<<<<<<<<<<<<<<<<<<<<<<<<<<<<<<<<<<<<<<<<<<<<<<<<<<<<<<<<<<<<<<<<<<<<<<<<<<<<<<<<<<<<<<<<<<<<<<<<<<<
                                                                                                                        
                                                                                                                        
>>>>>>>>>>>>>>>>>>>>>>>>>>>>>>>>>>>>>>>>>>>>>>>>>>>>>>>>>>>>>>>>>>>>>>>>>>>>>>>>>>>>>>>>>>>>>>>>>>>>>>>>>>>>>>>>>>>>>>>>
2024-03-06 22:09:04,398 - INFO - START configuring_settings =============================================
2024-03-06 22:09:04,398 - INFO - START configuring_settings Start Time = 2024-03-06 22:09:04
2024-03-06 22:09:04,398 - INFO - configuring_settings Step 0 - Initialize the configuration file parser
2024-03-06 22:09:04,509 - INFO - Imported existing <module 'comtypes.gen' from 'C:\\Users\\josep\\anaconda3\\lib\\site-packages\\comtypes\\gen\\__init__.py'>
2024-03-06 22:09:04,510 - INFO - Using writeable comtypes cache directory: 'C:\Users\josep\anaconda3\lib\site-packages\comtypes\gen'
2024-03-06 22:09:10,197 - INFO - Process configuring_settings Step 0 - Initializing and starting Process.
2024-03-06 22:09:38,329 - INFO - Process configuring_settings Step 1 - Establish the configuration parser engine.
2024-03-06 22:09:43,926 - INFO - Process configuring_settings Step 2 - Create a config section name to organize settings
2024-03-06 22:09:49,808 - INFO - Process configuring_settings Step 3 - Populate the section with name - value pairs
2024-03-06 22:09:55,738 - INFO - Process configuring_settings Step 4 - Repeat items 2 and 3 for any subsequent sections.
2024-03-06 22:10:00,782 - INFO - Process configuring_settings Step 5 - Write out the config.ini file.
2024-03-06 22:10:06,544 - INFO - Process configuring_settings Step 6 - Test specific values in the configuration file.
2024-03-06 22:10:11,935 - INFO - Process configuring_settings Step 7 - Validating entire configuration file.
2024-03-06 22:10:11,951 - INFO - PERFORMANCE configuring_settings The total process duration was:39.00
2024-03-06 22:10:11,951 - INFO - PERFORMANCE configuring_settings Stop Time = 2024-03-06 22:10:11
2024-03-06 22:10:11,951 - INFO - PERFORMANCE configuring_settings Low process duration less than 3 minutes:39.00
2024-03-06 22:10:11,951 - INFO - PERFORMANCE configuring_settings Performance optimization is optional
2024-03-06 22:10:11,951 - INFO - END configuring_settings =============================================

<<<<<<<<<<<<<<<<<<<<<<<<<<<<<<<<<<<<<<<<<<<<<<<<<<<<<<<<<<<<<<<<<<<<<<<<<<<<<<<<<<<<<<<<<<<<<<<<<<<<<<<<<<<<<<<<<<<<<<<<
                                                                                                                        
                                                                                                                        
>>>>>>>>>>>>>>>>>>>>>>>>>>>>>>>>>>>>>>>>>>>>>>>>>>>>>>>>>>>>>>>>>>>>>>>>>>>>>>>>>>>>>>>>>>>>>>>>>>>>>>>>>>>>>>>>>>>>>>>>
2024-03-06 22:17:34,080 - INFO - START configuring_settings =============================================
2024-03-06 22:17:34,080 - INFO - START configuring_settings Start Time = 2024-03-06 22:17:34
2024-03-06 22:17:34,080 - INFO - configuring_settings Step 0 - Initialize the configuration file parser
2024-03-06 22:17:34,200 - INFO - Imported existing <module 'comtypes.gen' from 'C:\\Users\\josep\\anaconda3\\lib\\site-packages\\comtypes\\gen\\__init__.py'>
2024-03-06 22:17:34,200 - INFO - Using writeable comtypes cache directory: 'C:\Users\josep\anaconda3\lib\site-packages\comtypes\gen'
2024-03-06 22:17:39,992 - INFO - Process configuring_settings Step 0 - Initializing and starting Process.
2024-03-06 22:18:08,112 - INFO - Process configuring_settings Step 1 - Establish the configuration parser engine.
2024-03-06 22:18:13,719 - INFO - Process configuring_settings Step 2 - Create a config section name to organize settings
2024-03-06 22:18:19,598 - INFO - Process configuring_settings Step 3 - Populate the section with name - value pairs
2024-03-06 22:18:25,541 - INFO - Process configuring_settings Step 4 - Repeat items 2 and 3 for any subsequent sections.
2024-03-06 22:18:30,561 - INFO - Process configuring_settings Step 5 - Write out the config.ini file.
2024-03-06 22:18:36,322 - INFO - Process configuring_settings Step 6 - Test specific values in the configuration file.
2024-03-06 22:18:41,693 - INFO - Process configuring_settings Step 7 - Validating entire configuration file.
2024-03-06 22:18:41,705 - INFO - PERFORMANCE configuring_settings The total process duration was:38.97
2024-03-06 22:18:41,706 - INFO - PERFORMANCE configuring_settings Stop Time = 2024-03-06 22:18:41
2024-03-06 22:18:41,706 - INFO - PERFORMANCE configuring_settings Low process duration less than 3 minutes:38.97
2024-03-06 22:18:41,706 - INFO - PERFORMANCE configuring_settings Performance optimization is optional
2024-03-06 22:18:41,706 - INFO - END configuring_settings =============================================

<<<<<<<<<<<<<<<<<<<<<<<<<<<<<<<<<<<<<<<<<<<<<<<<<<<<<<<<<<<<<<<<<<<<<<<<<<<<<<<<<<<<<<<<<<<<<<<<<<<<<<<<<<<<<<<<<<<<<<<<
                                                                                                                        
                                                                                                                        
>>>>>>>>>>>>>>>>>>>>>>>>>>>>>>>>>>>>>>>>>>>>>>>>>>>>>>>>>>>>>>>>>>>>>>>>>>>>>>>>>>>>>>>>>>>>>>>>>>>>>>>>>>>>>>>>>>>>>>>>
2024-10-17 01:01:06,943 - INFO - START configuring_settings =============================================
2024-10-17 01:01:06,943 - INFO - START configuring_settings Start Time = 2024-10-17 01:01:06
2024-10-17 01:01:06,943 - INFO - configuring_settings Step 0 - Initialize the configuration file parser
2024-10-17 01:01:07,185 - INFO - Imported existing <module 'comtypes.gen' from 'C:\\Users\\josep\\anaconda3\\lib\\site-packages\\comtypes\\gen\\__init__.py'>
2024-10-17 01:01:07,185 - INFO - Using writeable comtypes cache directory: 'C:\Users\josep\anaconda3\lib\site-packages\comtypes\gen'
2024-10-17 01:01:13,176 - INFO - Process configuring_settings Step 0 - Initializing and starting Process.
2024-10-17 01:01:41,257 - INFO - Process configuring_settings Step 1 - Establish the configuration parser engine.
2024-10-17 01:01:46,913 - INFO - Process configuring_settings Step 2 - Create a config section name to organize settings
2024-10-17 01:01:52,773 - INFO - Process configuring_settings Step 3 - Populate the section with name - value pairs
2024-10-17 01:01:58,744 - INFO - Process configuring_settings Step 4 - Repeat items 2 and 3 for any subsequent sections.
2024-10-17 01:02:03,753 - INFO - Process configuring_settings Step 5 - Write out the config.ini file.
2024-10-17 01:02:09,512 - INFO - Process configuring_settings Step 6 - Test specific values in the configuration file.
2024-10-17 01:02:14,886 - INFO - Process configuring_settings Step 7 - Validating entire configuration file.
2024-10-17 01:02:14,903 - INFO - PERFORMANCE configuring_settings The total process duration was:38.99
2024-10-17 01:02:14,903 - INFO - PERFORMANCE configuring_settings Stop Time = 2024-10-17 01:02:14
2024-10-17 01:02:14,904 - INFO - PERFORMANCE configuring_settings Low process duration less than 3 minutes:38.99
2024-10-17 01:02:14,904 - INFO - PERFORMANCE configuring_settings Performance optimization is optional
2024-10-17 01:02:14,904 - INFO - END configuring_settings =============================================

<<<<<<<<<<<<<<<<<<<<<<<<<<<<<<<<<<<<<<<<<<<<<<<<<<<<<<<<<<<<<<<<<<<<<<<<<<<<<<<<<<<<<<<<<<<<<<<<<<<<<<<<<<<<<<<<<<<<<<<<
                                                                                                                        
                                                                                                                        
>>>>>>>>>>>>>>>>>>>>>>>>>>>>>>>>>>>>>>>>>>>>>>>>>>>>>>>>>>>>>>>>>>>>>>>>>>>>>>>>>>>>>>>>>>>>>>>>>>>>>>>>>>>>>>>>>>>>>>>>
2024-10-17 01:09:46,704 - INFO - START configuring_settings =============================================
2024-10-17 01:09:46,704 - INFO - START configuring_settings Start Time = 2024-10-17 01:09:46
2024-10-17 01:09:46,704 - INFO - configuring_settings Step 0 - Initialize the configuration file parser
2024-10-17 01:09:46,888 - INFO - Imported existing <module 'comtypes.gen' from 'C:\\Users\\josep\\anaconda3\\lib\\site-packages\\comtypes\\gen\\__init__.py'>
2024-10-17 01:09:46,888 - INFO - Using writeable comtypes cache directory: 'C:\Users\josep\anaconda3\lib\site-packages\comtypes\gen'
2024-10-17 01:09:52,831 - INFO - Process configuring_settings Step 0 - Initializing and starting Process.
2024-10-17 01:10:21,018 - INFO - Process configuring_settings Step 1 - Establish the configuration parser engine.
2024-10-17 01:10:26,600 - INFO - Process configuring_settings Step 2 - Create a config section name to organize settings
2024-10-17 01:10:32,503 - INFO - Process configuring_settings Step 3 - Populate the section with name - value pairs
2024-10-17 01:10:38,418 - INFO - Process configuring_settings Step 4 - Repeat items 2 and 3 for any subsequent sections.
2024-10-17 01:10:43,478 - INFO - Process configuring_settings Step 5 - Write out the config.ini file.
2024-10-17 01:10:49,227 - INFO - Process configuring_settings Step 6 - Test specific values in the configuration file.
2024-10-17 01:10:54,605 - INFO - Process configuring_settings Step 7 - Validating entire configuration file.
2024-10-17 01:10:54,620 - INFO - PERFORMANCE configuring_settings The total process duration was:39.05
2024-10-17 01:10:54,620 - INFO - PERFORMANCE configuring_settings Stop Time = 2024-10-17 01:10:54
2024-10-17 01:10:54,620 - INFO - PERFORMANCE configuring_settings Low process duration less than 3 minutes:39.05
2024-10-17 01:10:54,620 - INFO - PERFORMANCE configuring_settings Performance optimization is optional
2024-10-17 01:10:54,620 - INFO - END configuring_settings =============================================

<<<<<<<<<<<<<<<<<<<<<<<<<<<<<<<<<<<<<<<<<<<<<<<<<<<<<<<<<<<<<<<<<<<<<<<<<<<<<<<<<<<<<<<<<<<<<<<<<<<<<<<<<<<<<<<<<<<<<<<<
                                                                                                                        
                                                                                                                        
>>>>>>>>>>>>>>>>>>>>>>>>>>>>>>>>>>>>>>>>>>>>>>>>>>>>>>>>>>>>>>>>>>>>>>>>>>>>>>>>>>>>>>>>>>>>>>>>>>>>>>>>>>>>>>>>>>>>>>>>
2026-04-22 10:48:41,218 - INFO - START configuring_settings =============================================
2026-04-22 10:48:41,218 - INFO - START configuring_settings Start Time = 2026-04-22 10:48:41
2026-04-22 10:48:41,218 - INFO - configuring_settings Step 0 - Initialize the configuration file parser
2026-04-22 10:48:41,368 - INFO - Could not import comtypes.gen, trying to create it.
2026-04-22 10:48:41,368 - INFO - Created comtypes.gen directory: 'C:\Users\josep\anaconda3\Lib\site-packages\comtypes\gen'
2026-04-22 10:48:41,369 - INFO - Writing __init__.py file: 'C:\Users\josep\anaconda3\Lib\site-packages\comtypes\gen\__init__.py'
2026-04-22 10:48:41,374 - INFO - Using writeable comtypes cache directory: 'C:\Users\josep\anaconda3\Lib\site-packages\comtypes\gen'
2026-04-22 10:48:41,407 - INFO - Could not import comtypes.gen._C866CA3A_32F7_11D2_9602_00C04F8EE628_0_5_4: No module named 'comtypes.gen._C866CA3A_32F7_11D2_9602_00C04F8EE628_0_5_4'
2026-04-22 10:48:41,418 - INFO - # Generating comtypes.gen._C866CA3A_32F7_11D2_9602_00C04F8EE628_0_5_4
2026-04-22 10:48:41,579 - INFO - # Generating comtypes.gen.SpeechLib
2026-04-22 10:48:41,593 - INFO - Could not import comtypes.gen._00020430_0000_0000_C000_000000000046_0_2_0: No module named 'comtypes.gen._00020430_0000_0000_C000_000000000046_0_2_0'
2026-04-22 10:48:41,595 - INFO - # Generating comtypes.gen._00020430_0000_0000_C000_000000000046_0_2_0
2026-04-22 10:48:41,609 - INFO - # Generating comtypes.gen.stdole
2026-04-22 10:48:48,349 - INFO - Process configuring_settings Step 0 - Initializing and starting Process.
2026-04-22 10:49:17,058 - INFO - Process configuring_settings Step 1 - Establish the configuration parser engine.
2026-04-22 10:49:23,009 - INFO - Process configuring_settings Step 2 - Create a config section name to organize settings
2026-04-22 10:49:29,134 - INFO - Process configuring_settings Step 3 - Populate the section with name - value pairs
2026-04-22 10:49:35,311 - INFO - Process configuring_settings Step 4 - Repeat items 2 and 3 for any subsequent sections.
2026-04-22 10:49:40,574 - INFO - Process configuring_settings Step 5 - Write out the config.ini file.
2026-04-22 10:49:46,589 - INFO - Process configuring_settings Step 6 - Test specific values in the configuration file.
2026-04-22 10:49:52,325 - INFO - Process configuring_settings Step 7 - Validating entire configuration file.
2026-04-22 10:49:52,341 - INFO - PERFORMANCE configuring_settings The total process duration was:40.96
2026-04-22 10:49:52,341 - INFO - PERFORMANCE configuring_settings Stop Time = 2026-04-22 10:49:52
2026-04-22 10:49:52,342 - INFO - PERFORMANCE configuring_settings Low process duration less than 3 minutes:40.96
2026-04-22 10:49:52,342 - INFO - PERFORMANCE configuring_settings Performance optimization is optional
2026-04-22 10:49:52,342 - INFO - END configuring_settings =============================================

<<<<<<<<<<<<<<<<<<<<<<<<<<<<<<<<<<<<<<<<<<<<<<<<<<<<<<<<<<<<<<<<<<<<<<<<<<<<<<<<<<<<<<<<<<<<<<<<<<<<<<<<<<<<<<<<<<<<<<<<
                                                                                                                        
                                                                                                                        
>>>>>>>>>>>>>>>>>>>>>>>>>>>>>>>>>>>>>>>>>>>>>>>>>>>>>>>>>>>>>>>>>>>>>>>>>>>>>>>>>>>>>>>>>>>>>>>>>>>>>>>>>>>>>>>>>>>>>>>>
2026-04-22 11:19:47,585 - INFO - START configuring_settings =============================================
2026-04-22 11:19:47,585 - INFO - START configuring_settings Start Time = 2026-04-22 11:19:47
2026-04-22 11:19:47,585 - INFO - configuring_settings Step 0 - Initialize the configuration file parser
2026-04-22 11:19:47,683 - INFO - Imported existing <module 'comtypes.gen' from 'C:\\Users\\josep\\anaconda3\\Lib\\site-packages\\comtypes\\gen\\__init__.py'>
2026-04-22 11:19:47,684 - INFO - Using writeable comtypes cache directory: 'C:\Users\josep\anaconda3\Lib\site-packages\comtypes\gen'
2026-04-22 11:19:53,983 - INFO - Process configuring_settings Step 0 - Initializing and starting Process.
2026-04-22 11:20:22,598 - INFO - Process configuring_settings Step 1 - Establish the configuration parser engine.
2026-04-22 11:20:28,452 - INFO - Process configuring_settings Step 2 - Create a config section name to organize settings
2026-04-22 11:20:34,576 - INFO - Process configuring_settings Step 3 - Populate the section with name - value pairs
2026-04-22 11:20:40,739 - INFO - Process configuring_settings Step 4 - Repeat items 2 and 3 for any subsequent sections.
2026-04-22 11:20:46,112 - INFO - Process configuring_settings Step 5 - Write out the config.ini file.
2026-04-22 11:20:52,168 - INFO - Process configuring_settings Step 6 - Test specific values in the configuration file.
2026-04-22 11:20:57,886 - INFO - Process configuring_settings Step 7 - Validating entire configuration file.
2026-04-22 11:20:57,901 - INFO - PERFORMANCE configuring_settings The total process duration was:40.94
2026-04-22 11:20:57,901 - INFO - PERFORMANCE configuring_settings Stop Time = 2026-04-22 11:20:57
2026-04-22 11:20:57,902 - INFO - PERFORMANCE configuring_settings Low process duration less than 3 minutes:40.94
2026-04-22 11:20:57,902 - INFO - PERFORMANCE configuring_settings Performance optimization is optional
2026-04-22 11:20:57,902 - INFO - END configuring_settings =============================================

<<<<<<<<<<<<<<<<<<<<<<<<<<<<<<<<<<<<<<<<<<<<<<<<<<<<<<<<<<<<<<<<<<<<<<<<<<<<<<<<<<<<<<<<<<<<<<<<<<<<<<<<<<<<<<<<<<<<<<<<
                                                                                                                        
